Release 14.7 - xst P.20131013 (nt64)
Copyright (c) 1995-2013 Xilinx, Inc.  All rights reserved.
--> Parameter TMPDIR set to xst/projnav.tmp


Total REAL time to Xst completion: 0.00 secs
Total CPU time to Xst completion: 0.11 secs
 
--> Parameter xsthdpdir set to xst


Total REAL time to Xst completion: 0.00 secs
Total CPU time to Xst completion: 0.11 secs
 
--> Reading design: multiply.prj

TABLE OF CONTENTS
  1) Synthesis Options Summary
  2) HDL Parsing
  3) HDL Elaboration
  4) HDL Synthesis
       4.1) HDL Synthesis Report
  5) Advanced HDL Synthesis
       5.1) Advanced HDL Synthesis Report
  6) Low Level Synthesis
  7) Partition Report
  8) Design Summary
       8.1) Primitive and Black Box Usage
       8.2) Device utilization summary
       8.3) Partition Resource Summary
       8.4) Timing Report
            8.4.1) Clock Information
            8.4.2) Asynchronous Control Signals Information
            8.4.3) Timing Summary
            8.4.4) Timing Details
            8.4.5) Cross Clock Domains Report


=========================================================================
*                      Synthesis Options Summary                        *
=========================================================================
---- Source Parameters
Input File Name                    : "multiply.prj"
Ignore Synthesis Constraint File   : NO

---- Target Parameters
Output File Name                   : "multiply"
Output Format                      : NGC
Target Device                      : xc7a100t-3-csg324

---- Source Options
Top Module Name                    : multiply
Automatic FSM Extraction           : YES
FSM Encoding Algorithm             : Auto
Safe Implementation                : No
FSM Style                          : LUT
RAM Extraction                     : Yes
RAM Style                          : Auto
ROM Extraction                     : Yes
Shift Register Extraction          : YES
ROM Style                          : Auto
Resource Sharing                   : YES
Asynchronous To Synchronous        : NO
Shift Register Minimum Size        : 2
Use DSP Block                      : Auto
Automatic Register Balancing       : No

---- Target Options
LUT Combining                      : Auto
Reduce Control Sets                : Auto
Add IO Buffers                     : YES
Global Maximum Fanout              : 100000
Add Generic Clock Buffer(BUFG)     : 32
Register Duplication               : YES
Optimize Instantiated Primitives   : NO
Use Clock Enable                   : Auto
Use Synchronous Set                : Auto
Use Synchronous Reset              : Auto
Pack IO Registers into IOBs        : Auto
Equivalent register Removal        : YES

---- General Options
Optimization Goal                  : Speed
Optimization Effort                : 1
Power Reduction                    : NO
Keep Hierarchy                     : No
Netlist Hierarchy                  : As_Optimized
RTL Output                         : Yes
Global Optimization                : AllClockNets
Read Cores                         : YES
Write Timing Constraints           : NO
Cross Clock Analysis               : NO
Hierarchy Separator                : /
Bus Delimiter                      : <>
Case Specifier                     : Maintain
Slice Utilization Ratio            : 100
BRAM Utilization Ratio             : 100
DSP48 Utilization Ratio            : 100
Auto BRAM Packing                  : NO
Slice Utilization Ratio Delta      : 5

=========================================================================


=========================================================================
*                          HDL Parsing                                  *
=========================================================================
Parsing VHDL file "C:\Users\Ali Yazdi\Desktop\Ali Yazdi\pc\aliHalfAdder.vhd" into library work
Parsing entity <aliHalfAdder>.
Parsing architecture <Behavioral> of entity <alihalfadder>.
Parsing VHDL file "C:\Users\Ali Yazdi\Desktop\Ali Yazdi\pc\aliFullAdder.vhd" into library work
Parsing entity <aliFullAdder>.
Parsing architecture <Behavioral> of entity <alifulladder>.
Parsing VHDL file "C:\Users\Ali Yazdi\Desktop\Ali Yazdi\pc\aliDFF.vhd" into library work
Parsing entity <aliDFF>.
Parsing architecture <Behavioral> of entity <alidff>.
Parsing VHDL file "C:\Users\Ali Yazdi\Desktop\Ali Yazdi\pc\ali4BFA.vhd" into library work
Parsing entity <ali4BFA>.
Parsing architecture <Behavioral> of entity <ali4bfa>.
Parsing VHDL file "C:\Users\Ali Yazdi\Desktop\Ali Yazdi\pc\reg_q.vhd" into library work
Parsing entity <reg_q>.
Parsing architecture <Behavioral> of entity <reg_q>.
Parsing VHDL file "C:\Users\Ali Yazdi\Desktop\Ali Yazdi\pc\reg_a.vhd" into library work
Parsing entity <reg_a>.
Parsing architecture <Behavioral> of entity <reg_a>.
Parsing VHDL file "C:\Users\Ali Yazdi\Desktop\Ali Yazdi\pc\counter.vhd" into library work
Parsing entity <counter>.
Parsing architecture <Behavioral> of entity <counter>.
Parsing VHDL file "C:\Users\Ali Yazdi\Desktop\Ali Yazdi\pc\controller.vhd" into library work
Parsing entity <controller>.
Parsing architecture <Behavioral> of entity <controller>.
Parsing VHDL file "C:\Users\Ali Yazdi\Desktop\Ali Yazdi\pc\ali16BFA.vhd" into library work
Parsing entity <ali16BFA>.
Parsing architecture <Behavioral> of entity <ali16bfa>.
Parsing VHDL file "C:\Users\Ali Yazdi\Desktop\Ali Yazdi\pc\multiply.vhd" into library work
Parsing entity <multiply>.
Parsing architecture <Behavioral> of entity <multiply>.

=========================================================================
*                            HDL Elaboration                            *
=========================================================================

Elaborating entity <multiply> (architecture <Behavioral>) from library <work>.

Elaborating entity <reg_a> (architecture <Behavioral>) from library <work>.

Elaborating entity <aliDFF> (architecture <Behavioral>) from library <work>.

Elaborating entity <ali16BFA> (architecture <Behavioral>) from library <work>.

Elaborating entity <ali4BFA> (architecture <Behavioral>) from library <work>.

Elaborating entity <aliFullAdder> (architecture <Behavioral>) from library <work>.

Elaborating entity <aliHalfAdder> (architecture <Behavioral>) from library <work>.

Elaborating entity <reg_q> (architecture <Behavioral>) from library <work>.

Elaborating entity <counter> (architecture <Behavioral>) from library <work>.

Elaborating entity <controller> (architecture <Behavioral>) from library <work>.
ERROR:HDLCompiler:76 - "C:\Users\Ali Yazdi\Desktop\Ali Yazdi\pc\controller.vhd" Line 97: statement is not synthesizable since it does not hold its value under NOT(clock-edge) condition
Netlist controller(Behavioral) remains a blackbox, due to errors in its contents
--> 

Total memory usage is 277712 kilobytes

Number of errors   :    1 (   0 filtered)
Number of warnings :    0 (   0 filtered)
Number of infos    :    0 (   0 filtered)

